// Jest Snapshot v1, https://goo.gl/fbAQLP

exports[`<AssessmentContentLayout /> render 1`] = `
<div
  className="assessment-content-layout mr-auto ml-auto"
>
  <div
    className="content-wrapper"
  >
    <Row
      className="flex-nowrap m-0"
    >
      <Col
        className="p-0"
      >
        <AssessmentContent
          submission="submission"
        />
      </Col>
      <Rubric
        isGrading={true}
      />
    </Row>
  </div>
</div>
`;
