// Jest Snapshot v1, https://goo.gl/fbAQLP

exports[`<SubmissionView /> renders 1`] = `
<Fragment>
  <ProgressBar />
  <div
    className="assessment-content-layout mr-auto ml-auto"
  >
    <div
      className="content-wrapper"
    >
      <Row
        className="flex-nowrap m-0"
      >
        <Col
          className="p-0"
        >
          <SubmissionContent />
        </Col>
      </Row>
    </div>
  </div>
  <SubmissionActions />
</Fragment>
`;
