// Jest Snapshot v1, https://goo.gl/fbAQLP

exports[`<GradeView /> renders correctly 1`] = `
<div
  className="m-0 d-flex justify-content-center"
>
  <div
    className="grade-view-body"
  >
    <Layout
      lg={
        [
          {
            "offset": 0,
            "span": 6,
          },
          {
            "offset": 0,
            "span": 6,
          },
        ]
      }
      md={
        [
          {
            "offset": 0,
            "span": 8,
          },
          {
            "offset": 0,
            "span": 4,
          },
        ]
      }
      sm={
        [
          {
            "offset": 0,
            "span": 12,
          },
          {
            "offset": 0,
            "span": 12,
          },
        ]
      }
      xl={
        [
          {
            "offset": 0,
            "span": 6,
          },
          {
            "offset": 0,
            "span": 6,
          },
        ]
      }
      xs={
        [
          {
            "offset": 0,
            "span": 12,
          },
          {
            "offset": 0,
            "span": 12,
          },
        ]
      }
    >
      <Layout.Element
        key="grade"
      >
        <FinalGrade />
      </Layout.Element>
      <Layout.Element
        key="content"
      >
        <Content />
      </Layout.Element>
    </Layout>
    <Layout
      lg={
        [
          {
            "offset": 0,
            "span": 12,
          },
        ]
      }
      md={
        [
          {
            "offset": 0,
            "span": 12,
          },
        ]
      }
      sm={
        [
          {
            "offset": 0,
            "span": 12,
          },
        ]
      }
      xl={
        [
          {
            "offset": 0,
            "span": 12,
          },
        ]
      }
      xs={
        [
          {
            "offset": 0,
            "span": 12,
          },
        ]
      }
    >
      <Layout.Element
        key="actions"
      >
        <ModalActions />
      </Layout.Element>
    </Layout>
  </div>
</div>
`;
